// Jest Snapshot v1, https://goo.gl/fbAQLP

exports[`plain json diff 1`] = `
"{
  - follow: false
    host: hexlet.io
  - proxy: 123.234.53.22
  - timeout: 50
  + timeout: 20
  + verbose: true
}"
`;
